docker compose run --rm -e CGO_ENABLED=0 dev sh -c '\
		go build -trimpath -o build/e2e-backup/hotserve ./cmd/hotserve & p1=$!; \
		(cd backups && go build -trimpath -tags e2e -o ../build/e2e-backup/hotserve-backup ./cmd/hotserve-backup) & p2=$!; \
		wait $p1 || exit 1; wait $p2 || exit 1; \
		chmod -R a+rwX build'
 Container hotserve-backups-v2-dev-run-f93656dcdd62 Creating 
 Container hotserve-backups-v2-dev-run-f93656dcdd62 Created 
docker compose rm -sf e2e-backup-box e2e-s3 >/dev/null
No stopped containers
docker compose up --build -d --scale e2e-backup-box=1 e2e-s3 e2e-backup-box
 Image hotserve-backups-v2-e2e-s3 Building 
 Image hotserve-e2e-backup Building 
#1 [internal] load local bake definitions
#1 reading from stdin 1.25kB done
#1 DONE 0.0s

#2 [e2e-backup-box internal] load build definition from Dockerfile
#2 transferring dockerfile: 2.62kB 0.0s done
#2 DONE 0.0s

#3 [e2e-s3 internal] load build definition from s3.Dockerfile
#3 transferring dockerfile: 1.08kB done
#3 DONE 0.0s

#4 [e2e-backup-box internal] load metadata for docker.io/library/debian:trixie-slim
#4 DONE 0.0s

#5 [e2e-s3 internal] load metadata for docker.io/rclone/rclone:1.71@sha256:3103526c506266a9ecdf064efe99bf3677d92ef6407af124d8c56b4f49cbaa51
#5 DONE 0.0s

#6 [e2e-backup-box context bin] load .dockerignore
#6 transferring bin: 2B done
#6 DONE 0.0s

#7 [e2e-s3 internal] load .dockerignore
#7 transferring context: 509B done
#7 DONE 0.0s

#8 [e2e-s3 rclone 1/1] FROM docker.io/rclone/rclone:1.71@sha256:3103526c506266a9ecdf064efe99bf3677d92ef6407af124d8c56b4f49cbaa51
#8 DONE 0.0s

#9 [e2e-backup-box stage-0 1/8] FROM docker.io/library/debian:trixie-slim
#9 DONE 0.0s

#10 [e2e-s3 stage-1 1/1] COPY --from=rclone /usr/local/bin/rclone /rclone
#10 CACHED

#11 [e2e-backup-box internal] load build context
#11 transferring context: 388B done
#11 DONE 0.0s

#12 [e2e-s3] exporting to image
#12 exporting layers done
#12 writing image sha256:353dc7a54ae1358dcaf5acc7a3932c2039e4568451fcbf425f529d4a060eb5ab done
#12 naming to docker.io/library/hotserve-backups-v2-e2e-s3 done
#12 DONE 0.0s

#13 [e2e-backup-box context bin] load from client
#13 ...

#14 [e2e-s3] resolving provenance for metadata file
#14 DONE 0.0s

#13 [e2e-backup-box context bin] load from client
#13 transferring bin: 85.08MB 1.3s done
#13 DONE 1.3s

#15 [e2e-backup-box stage-0 2/8] RUN apt-get update 	&& apt-get install -y --no-install-recommends 		systemd systemd-sysv dbus libpam-systemd procps ca-certificates restic sqlite3 curl 	&& rm -rf /var/lib/apt/lists/*
#15 CACHED

#16 [e2e-backup-box stage-0 3/8] RUN systemctl mask 	systemd-udevd.service 	systemd-udevd-kernel.socket 	systemd-udevd-control.socket 	systemd-modules-load.service 	getty.target 	console-getty.service 	|| true
#16 CACHED

#17 [e2e-backup-box stage-0 4/8] COPY --from=bin hotserve hotserve-backup /usr/bin/
#17 DONE 0.7s

#18 [e2e-backup-box stage-0 5/8] COPY packaging/hotserve-backup.service packaging/hotserve-backup.timer 	packaging/hotserve-backup-drill.service packaging/hotserve-backup-drill.timer /lib/systemd/system/
#18 DONE 0.1s

#19 [e2e-backup-box stage-0 6/8] COPY packaging/postinstall.sh /tmp/postinstall.sh
#19 DONE 0.1s

#20 [e2e-backup-box stage-0 7/8] RUN mkdir -p /var/lib/hotserve /var/lib/liveswap /etc/hotserve 	&& chmod 750 /var/lib/hotserve /var/lib/liveswap 	&& sh /tmp/postinstall.sh && rm /tmp/postinstall.sh 	&& userdel hotserve-backup 	&& rm -f /etc/systemd/system/timers.target.wants/hotserve-backup.timer /etc/systemd/system/timers.target.wants/hotserve-backup-drill.timer 	&& rm -rf /var/lib/systemd/deb-systemd-helper-enabled
#20 0.771 System has not been booted with systemd as init system (PID 1). Can't operate.
#20 0.771 Failed to connect to system scope bus via local transport: Host is down
#20 0.779 hotserve installed. Start it with:
#20 0.779   sudo systemctl enable --now hotserve
#20 0.826 /usr/bin/deb-systemd-helper was not called from dpkg. Exiting.
#20 0.849 /usr/bin/deb-systemd-helper was not called from dpkg. Exiting.
#20 0.878 /usr/bin/deb-systemd-helper was not called from dpkg. Exiting.
#20 0.899 /usr/bin/deb-systemd-helper was not called from dpkg. Exiting.
#20 0.920 /usr/bin/deb-systemd-helper was not called from dpkg. Exiting.
#20 0.947 /usr/bin/deb-systemd-helper was not called from dpkg. Exiting.
#20 DONE 1.0s

#21 [e2e-backup-box stage-0 8/8] COPY e2e/backup/Caddyfile /etc/hotserve/Caddyfile
#21 DONE 0.1s

#22 [e2e-backup-box] exporting to image
#22 exporting layers 0.2s done
#22 writing image sha256:7ead3b9ae3936d199bb325f9dc14bb96ce37ac10290bfe820eb9d64bb068d929 done
#22 naming to docker.io/library/hotserve-e2e-backup 0.0s done
#22 DONE 0.2s

#23 [e2e-backup-box] resolving provenance for metadata file
#23 DONE 0.0s
 Image hotserve-backups-v2-e2e-s3 Built 
 Image hotserve-e2e-backup Built 
 Container hotserve-backups-v2-e2e-s3-1 Creating 
 Container hotserve-backups-v2-e2e-s3-1 Created 
 Container hotserve-backups-v2-e2e-backup-box-1 Creating 
 Container hotserve-backups-v2-e2e-backup-box-1 Created 
 Container hotserve-backups-v2-e2e-s3-1 Starting 
 Container hotserve-backups-v2-e2e-s3-1 Started 
 Container hotserve-backups-v2-e2e-backup-box-1 Starting 
 Container hotserve-backups-v2-e2e-backup-box-1 Started 
logs=$(mktemp -d); i=0; \
	for s in setup; do \
		i=$((i + 1)); \
		( t0=$(date +%s); docker compose exec -T --index $i e2e-backup-box timeout 600 /bin/sh /suite-$s.sh >$logs/$s.log 2>&1; echo "$? $(($(date +%s) - t0))" >$logs/$s.rc ) & \
	done; \
	wait; \
	status=0; i=0; \
	for s in setup; do \
		i=$((i + 1)); \
		rc=; took=; read rc took <$logs/$s.rc || rc=unknown; \
		echo "════ $s suite (box $i, ${took:-?}s) ════"; \
		cat $logs/$s.log; \
		if [ "$rc" = 124 ]; then echo "════ $s suite ended at SUITE_LIMIT (600s) ════"; fi; \
		if [ "$rc" != 0 ]; then \
			status=1; \
			echo "════ $s suite failed: box $i's journal ════"; \
			docker compose exec -T --index $i e2e-backup-box journalctl --no-pager -n 200 || true; \
		fi; \
	done; \
	if [ $status -ne 0 ]; then docker compose logs --tail 300 e2e-s3; fi; \
	rm -rf $logs; \
	docker compose rm -sf e2e-backup-box e2e-s3 >/dev/null; \
	exit $status
════ setup suite (box 1, 218s) ════
=== setup 0: the usage text ===
PASS: setup with no repository is the usage text
PASS: and so is setup with two
=== setup 1: not root, no terminal: refused before anything is touched ===
PASS: setup as nobody says to repeat the command under sudo, and renders none of it
PASS: setup with no terminal says so, and where to go
PASS: and nothing was made under /etc
PASS: and no unit was started
=== setup 2: what is knowable is refused before any prompt, and before the account is made ===
PASS: fixture: no hotserve-backup account before setup
PASS: without restic, setup names the package
PASS: and asked nothing
PASS: and made no account
PASS: an account hotserve did not make is refused, naming the remedy
PASS: and asked nothing
PASS: and the account was left as it was
PASS: hotserve-backup account says the same, as nobody
PASS: and nothing was made under /etc
PASS: refused before any prompt: sftp:user@host:/srv/backups — hotserve-backup: sftp: is not supported: ssh takes its key and known_hosts from a home dir
PASS: refused before any prompt: /srv/backups — hotserve-backup: a path on this box is not a repository: a backup must survive losing the 
PASS: refused before any prompt: local:/srv/backups — hotserve-backup: a path on this box is not a repository: a backup must survive losing the 
PASS: refused before any prompt: rclone:remote:bucket — hotserve-backup: rclone: is not supported: rclone takes its remotes from a config file, wh
PASS: refused before any prompt: azure:container:path — hotserve-backup: azure: is not a backend Debian's restic has
PASS: refused before any prompt: gs:bucket:path — hotserve-backup: rest:, gs: and swift: are not set up by this command: write /etc/hotserve
PASS: refused before any prompt: swift:container:/path — hotserve-backup: rest:, gs: and swift: are not set up by this command: write /etc/hotserve
PASS: refused before any prompt: rest:https://host:8000/ — hotserve-backup: rest:, gs: and swift: are not set up by this command: write /etc/hotserve
PASS: refused before any prompt: s3:http://user:pass@e2e-s3:9000/box — hotserve-backup: credentials in the repository URL are on the command line and in the shel
PASS: refused before any prompt: s3:user:pass@e2e-s3:9000/box — hotserve-backup: credentials in the repository URL are on the command line and in the shel
PASS: refused before any prompt: s3://user:pass@e2e-s3:9000/box — hotserve-backup: credentials in the repository URL are on the command line and in the shel
PASS: refused before any prompt: ftp://host/x — hotserve-backup: "ftp:" is not a repository restic knows (s3: or b2:)
PASS: refused before any prompt: s3: — hotserve-backup: s3: names no bucket
PASS: nothing was made at the refused path
PASS: and nothing under /etc
=== setup 3: a fresh setup at a terminal ===
PASS: setup made the repository (13s)
PASS: the key id showed as it was typed; the secret did not
PASS: a password was shown
PASS: and had to be confirmed stored, with what to store beside it
PASS: the account was made: no home, no shell
PASS: and hotserve-backup account accepts it
PASS: the directory is root's and open to look into; the file is root's alone
PASS: the file holds the four settings, the password among them, and nothing else
PASS: nothing was left beside it
PASS: no unit is left
PASS: the repository answers the credential the file holds
PASS: the plan was read first, and said
PASS: the repository was looked for before a password was made
PASS: and what to do next, from the timer being inactive here
PASS: no credential is in the journal
PASS: status: pending first run, exit 0
PASS: a run works with what setup wrote
PASS: after setup: blog is 'ok'
PASS: after setup: shop is 'ok'
=== setup 4: a Caddyfile a run could not plan from is refused before any prompt ===
PASS: fixture: hotserve accepts the file
PASS: refused with the adapter's reason, naming the variable, before any prompt
PASS: the working file is as it was
=== setup 5: a file at the old path is named, and not read ===
PASS: a run names the new path, and says what to do with the old one
PASS: and started nothing
PASS: status exits 3 and says the same
PASS: a setup with the old file still there says to remove it, and does not itself
=== setup 6: mistakes over a working setup leave it as it was ===
PASS: a wrong storage key is refused by the storage (31s), and said
PASS: and not called 'no repository'
PASS: the key was asked for again, twice, the one password standing
PASS: one password was shown, and said to be kept at the end: init ran with it
PASS: the silent look was explained
PASS: the working file is byte-identical, no copy of a credential is left, no unit is running
PASS: a host that does not resolve is said at once after the look (10s)
PASS: and left the working setup as it was
PASS: a wrong password for the repository that exists is refused, and said
PASS: and asked for again, twice, before giving up
PASS: no password was made for a repository that exists
PASS: the working file is byte-identical, no copy of a credential is left, no unit is running
PASS: a key the storage refuses every write, plainly, is refused at once (2s), in restic's words
PASS: and not called ready
PASS: the working file is byte-identical, no copy of a credential is left, no unit is running
PASS: a write restic retries is given up on at the clock (31s), and said as a key that cannot write
PASS: and left the working setup as it was, its unit stopped
PASS: no lock file is left in the repository
=== setup 7: a rebuilt box opens the repository it already has, with its own password ===
PASS: setup opened the existing repository
PASS: the file holds the repository's own password
PASS: the repository's password was not shown as it was typed
PASS: a rebuilt box is asked for the password it has, and shown none
PASS: and its key is held to writing, before the file is put in place
PASS: the repository answers
PASS: with no file before, the record was put aside, and why was said
PASS: status: pending first run
PASS: a run makes a new record on it
=== setup 8: Ctrl-C at the secret's prompt writes nothing, and puts echo back ===
PASS: setup is at the secret's prompt
PASS: echo is on again after the interrupt
PASS: the interrupt is said in the operator's words
PASS: nothing was written
=== setup 9: killed while the repository is being made: the next setup sweeps, and the shown password opens it ===
PASS: the killed setup had shown its password
PASS: it left its file beside the working one, root's alone
PASS: and the working file as it was
PASS: and its init unit running
PASS: the next setup removed it, and said so
PASS: and left the operator's own copy beside it alone
PASS: the password the killed setup showed opens the repository it made
PASS: the record of the other repository was put aside, and why was said
PASS: the aside is as the record was
PASS: after the sweep: no plaintext copy is left in staging
PASS: after the sweep: no unit is left
=== setup 10: with the record aside, the box is a fresh setup on the new repository ===
PASS: status: pending first run
PASS: the run into the new repository
PASS: and it drilled the snapshot it made there: restore proven on the repository in use
PASS: the repository's id is kept beside the record, for everyone to read
PASS: the same repository set up again keeps its record
=== setup 11: a repository that does not answer: told what is waited for, then given up on, init left running and recorded ===
PASS: a person waiting on init is told what for, and what Ctrl-C would do
PASS: given up on after the look's 10 s and the clock's 30 s (41s): the waiting, not the unit
PASS: init is still running, and recorded for the next lock holder
PASS: the staged file is left for init, and the working file is as it was
PASS: the next setup waits for the init that was left running, and says which
PASS: once it ended, the next setup removed the staged file it left, and went on to its own prompts
PASS: the unit is gone, and its record with it
PASS: the init unit is waiting on the repository
PASS: interrupted during init, setup exits non-zero and says to keep the shown password
PASS: Ctrl-C left init running, with its staged file, and the working file as it was
PASS: ended by hand, as the message says
=== setup 12: status as root says where the file is not read as written; as nobody it cannot look ===
PASS: status as root says what the manager makes of a hand-edited line
PASS: and its verdict is unchanged by it
PASS: fixture: nobody cannot read the credential file
PASS: status as root says when the file cannot be read
PASS: as nobody, the same verdict and no word of the file
=== setup 13: the file written by hand, and the documented init that never sources it ===
PASS: the documented by-hand init makes a repository the file opens, with a password a shell would have mangled
PASS: and leaves the cache the account's
=== setup 14: setup while a run holds the lock ===
PASS: setup says who holds the lock, and asks nothing
PASS: at the end: no plaintext copy is left in staging
PASS: at the end: no unit is left
=== setup 15: a secret typed ahead of its prompt is not taken ===
PASS: the line typed ahead was discarded, and the secret typed at its prompt is the one in the file
ALL SETUP SCENARIOS PASSED
 Container hotserve-backups-v2-e2e-backup-box-1 Stopping 
 Container hotserve-backups-v2-e2e-backup-box-1 Stopped 
 Container hotserve-backups-v2-e2e-s3-1 Stopping 
 Container hotserve-backups-v2-e2e-s3-1 Stopped 
 Container hotserve-backups-v2-e2e-s3-1 Removing 
 Container hotserve-backups-v2-e2e-backup-box-1 Removing 
 Container hotserve-backups-v2-e2e-s3-1 Removed 
 Container hotserve-backups-v2-e2e-backup-box-1 Removed 
