docker compose run --rm -e GOFLAGS= -e CGO_ENABLED=0 dev sh -c '\
		git config --global --add safe.directory /src; \
		GOOS=linux GOARCH=amd64 go build -trimpath -ldflags "-s -w" -o build/hotserve-linux-amd64 ./cmd/hotserve & p1=$!; \
		GOOS=linux GOARCH=arm64 go build -trimpath -ldflags "-s -w" -o build/hotserve-linux-arm64 ./cmd/hotserve & p2=$!; \
		(cd backups && GOOS=linux GOARCH=amd64 go build -trimpath -ldflags "-s -w" -o ../build/hotserve-backup-linux-amd64 ./cmd/hotserve-backup) & p3=$!; \
		(cd backups && GOOS=linux GOARCH=arm64 go build -trimpath -ldflags "-s -w" -o ../build/hotserve-backup-linux-arm64 ./cmd/hotserve-backup) & p4=$!; \
		wait $p1 || exit 1; wait $p2 || exit 1; wait $p3 || exit 1; wait $p4 || exit 1; \
		if go version -m build/hotserve-backup-linux-amd64 build/hotserve-backup-linux-arm64 | grep -q -- "-tags=.*e2e"; then \
			echo "build/hotserve-backup-linux-*: built with -tags e2e, which shortens the setup clock for the e2e box: not a binary to ship"; exit 1; \
		fi; \
		chmod -R a+rwX build'
 Container hotserve-backups-v2-dev-run-25561c8c0c44 Creating 
 Container hotserve-backups-v2-dev-run-25561c8c0c44 Created 
mkdir -p dist
docker compose run --rm --entrypoint sh -e NFPM_VERSION=0.3.0-rc1 nfpm -c '\
		set -e; \
		for a in amd64 arm64; do \
			rm -f build/hotserve build/hotserve-backup; \
			cp build/hotserve-linux-$a build/hotserve; \
			cp build/hotserve-backup-linux-$a build/hotserve-backup; \
			for f in deb; do \
				NFPM_ARCH=$a nfpm package -f packaging/nfpm.yaml -p $f -t dist/; \
			done; \
		done; \
		rm -f build/hotserve build/hotserve-backup'
 Container hotserve-backups-v2-nfpm-run-a8b28b4805b6 Creating 
 Container hotserve-backups-v2-nfpm-run-a8b28b4805b6 Created 
using deb packager...
created package: dist/hotserve_0.3.0~rc1_amd64.deb
using deb packager...
created package: dist/hotserve_0.3.0~rc1_arm64.deb
