## the timeline (B2, UTC), around the last good run and the attack:
2026-10-04T13:20:31Z upload locks/b548d11a…
2026-10-04T13:20:32Z upload data/b0/b00cc42d…
2026-10-04T13:20:32Z upload index/00a6a7cf…
2026-10-04T13:20:32Z upload snapshots/f7da9025…
2026-10-04T13:20:33Z hide locks/b548d11a…
2026-10-04T13:20:36Z upload locks/0313f566…
2026-10-04T13:20:37Z upload data/43/4339738a…
2026-10-04T13:20:37Z upload data/a8/a865a74a…
2026-10-04T13:20:37Z upload index/808bfd98…
2026-10-04T13:20:38Z hide locks/0313f566…
2026-10-04T13:20:38Z upload snapshots/c1364e42…
2026-10-04T13:24:55Z upload rc-attack/config
2026-10-04T13:24:56Z hide rc-attack/config
2026-10-04T13:24:56Z hide data/25/25f83ea4…

## copy a at 2026-10-04T13:20:00Z
   copy exit 0, 10 files
66815c80  2026-10-04 13:18:47  hotserve    app:demo,hotserve  /backup/demo  72.049 KiB
no errors were found

## copy b at 2026-10-04T13:23:00Z
   copy exit 0, 17 files
f7da9025  2026-10-04 13:20:29  hotserve    app:demo,hotserve  /backup/demo  72.049 KiB
no errors were found
