bob@rcbox:~$ sudo hotserve-backup setup b2:hs-lifecycle-test:rc-readonly
account hotserve-backup: present
a run would back up demo, under /var/lib/liveswap
Storage key id (B2_ACCOUNT_ID): <keyID>
Storage secret key (B2_ACCOUNT_KEY): 
looking for a repository at b2:hs-lifecycle-test:rc-readonly (up to 10s)
the repository exists; its password is needed
Repository password: 
repository ready: b2:hs-lifecycle-test:rc-readonly (existing, id 30abb7df)
credentials: /etc/hotserve-backup/repository.env (root, 0600)
next: the first backup runs within the hour and ten minutes (systemctl list-timers hotserve-backup.timer); to run one now, sudo systemctl start hotserve-backup.service; then hotserve-backup status
[exit 0]
bob@rcbox2:~$ sudo hotserve-backup restore demo
demo: restore snapshot 21011cf9, made 2026-10-04 13:52 UTC, into /var/lib/liveswap/demo/shared?
Its databases are replaced and its files overwritten, with no backup first; what the snapshot does not hold is left.
Type the app's name, demo, to go on: demo
demo: restored from snapshot 21011cf9 of 2026-10-04 13:52 UTC into /var/lib/liveswap/demo/shared: sqlite app.db, files uploads
[exit 0, 9.9903s, 2026-10-04T14:13:41Z]
bob@rcbox2:~$ sudo ls -lan /var/lib/liveswap/demo/shared /var/lib/liveswap/demo/shared/uploads
/var/lib/liveswap/demo/shared:
total 20
drwxr-x--- 3 993 993 4096 Oct  4 14:13 .
drwxr-x--- 3 993 993 4096 Oct  4 14:13 ..
-rw------- 1 993 993 8192 Oct  4 13:52 app.db
drwxrwxr-x 2 993 993 4096 Oct  4 14:13 uploads

/var/lib/liveswap/demo/shared/uploads:
total 76
drwxrwxr-x 2 993 993  4096 Oct  4 14:13 .
drwxr-x--- 3 993 993  4096 Oct  4 14:13 ..
-rw-rw-r-- 1 993 993     9 Oct  4 13:52 hello.txt
-rw-rw-r-- 1 993 993 65536 Oct  4 13:52 random.bin
[exit 0, 0.0237143s, 2026-10-04T14:13:41Z]
bob@rcbox2:~$ sudo sqlite3 /var/lib/liveswap/demo/shared/app.db "select body from notes"
first
second
[exit 0, 0.0231462s, 2026-10-04T14:13:41Z]
bob@rcbox2:~$ sudo systemctl start hotserve-backup.service
^@[exit 0, 16.2432s, 2026-10-04T14:14:16Z]
bob@rcbox2:~$ sudo hotserve-backup drill
demo: restore proven: snapshot 8a24ace9, on 2026-10-04 14:14 UTC
repository: its structure, and data group 40/52: clean
[exit 0, 11.6368s, 2026-10-04T14:14:28Z]
bob@rcbox2:~$ hotserve-backup status
last run 2026-10-04 14:14 UTC
last drill 2026-10-04 14:14 UTC
repository last checked 2026-10-04 14:14 UTC: its structure, and data group 40/52: clean
demo: ok: last complete backup 2026-10-04 14:14 UTC, snapshot 8a24ace9 (data at /var/lib/liveswap/demo/shared)
demo: restore last proven: 2026-10-04 14:14 UTC, snapshot 8a24ace9
no unit of a run, a restore or a drill is running
[exit 0, 0.0241029s, 2026-10-04T14:14:28Z]
